// Jest Snapshot v1, https://goo.gl/fbAQLP

exports[`renders matches snapshot 1`] = `
<DocumentFragment>
  <div
    class="MuiContainer-root MuiContainer-maxWidthLg MuiTableContainer-root css-3o31d6-MuiContainer-root-MuiTableContainer-root"
  >
    <div>
      Loading...
    </div>
    <table
      aria-label="forecast table"
      class="MuiTable-root css-ksyw7d-MuiTable-root"
    >
      <thead
        class="MuiTableHead-root css-15wwp11-MuiTableHead-root"
      >
        <tr
          class="MuiTableRow-root MuiTableRow-head css-1q1u3t4-MuiTableRow-root"
        >
          <th
            class="MuiTableCell-root MuiTableCell-head MuiTableCell-alignCenter MuiTableCell-sizeMedium css-1ndpvdd-MuiTableCell-root"
            scope="col"
          >
            Date
          </th>
          <th
            class="MuiTableCell-root MuiTableCell-head MuiTableCell-alignCenter MuiTableCell-sizeMedium css-1ndpvdd-MuiTableCell-root"
            scope="col"
          >
            Max Temp
          </th>
          <th
            class="MuiTableCell-root MuiTableCell-head MuiTableCell-alignCenter MuiTableCell-sizeMedium css-1ndpvdd-MuiTableCell-root"
            scope="col"
          >
            Min Temp
          </th>
        </tr>
      </thead>
      <tbody
        class="MuiTableBody-root css-apqrd9-MuiTableBody-root"
      />
    </table>
  </div>
</DocumentFragment>
`;
